Error 466f82bc463c: Error embedding content: 404 models/embedding-001 is not found for API version v1beta, or is not supported for embedContent. Call ListModels to see the list of available models and their supported methods.
Traceback (most recent call last):
  File "C:\Users\ayang_gpo0615\AppData\Local\Programs\Python\Python311\Lib\site-packages\google\api_core\grpc_helpers.py", line 55, in error_remapped_callable
    return callable_(*args, **kwargs)
           ^^^^^^^^^^^^^^^^^^^^^^^^^^
  File "C:\Users\ayang_gpo0615\AppData\Local\Programs\Python\Python311\Lib\site-packages\grpc\_interceptor.py", line 276, in __call__
    response, ignored_call = self._with_call(
                             ^^^^^^^^^^^^^^^^
  File "C:\Users\ayang_gpo0615\AppData\Local\Programs\Python\Python311\Lib\site-packages\grpc\_interceptor.py", line 331, in _with_call
    return call.result(), call
           ^^^^^^^^^^^^^
  File "C:\Users\ayang_gpo0615\AppData\Local\Programs\Python\Python311\Lib\site-packages\grpc\_channel.py", line 438, in result
    raise self
  File "C:\Users\ayang_gpo0615\AppData\Local\Programs\Python\Python311\Lib\site-packages\grpc\_interceptor.py", line 314, in continuation
    response, call = self._thunk(new_method).with_call(
                     ^^^^^^^^^^^^^^^^^^^^^^^^^^^^^^^^^^
  File "C:\Users\ayang_gpo0615\AppData\Local\Programs\Python\Python311\Lib\site-packages\grpc\_channel.py", line 1173, in with_call
    return _end_unary_response_blocking(state, call, True, None)
           ^^^^^^^^^^^^^^^^^^^^^^^^^^^^^^^^^^^^^^^^^^^^^^^^^^^^^
  File "C:\Users\ayang_gpo0615\AppData\Local\Programs\Python\Python311\Lib\site-packages\grpc\_channel.py", line 990, in _end_unary_response_blocking
    raise _InactiveRpcError(state)  # pytype: disable=not-instantiable
    ^^^^^^^^^^^^^^^^^^^^^^^^^^^^^^
grpc._channel._InactiveRpcError: <_InactiveRpcError of RPC that terminated with:
	status = StatusCode.NOT_FOUND
	details = "models/embedding-001 is not found for API version v1beta, or is not supported for embedContent. Call ListModels to see the list of available models and their supported methods."
	debug_error_string = "UNKNOWN:Error received from peer ipv4:142.250.195.10:443 {grpc_message:"models/embedding-001 is not found for API version v1beta, or is not supported for embedContent. Call ListModels to see the list of available models and their supported methods.", grpc_status:5}"
>

The above exception was the direct cause of the following exception:

Traceback (most recent call last):
  File "C:\Users\ayang_gpo0615\AppData\Local\Programs\Python\Python311\Lib\site-packages\langchain_google_genai\embeddings.py", line 227, in embed_documents
    result = self.client.batch_embed_contents(
             ^^^^^^^^^^^^^^^^^^^^^^^^^^^^^^^^^
  File "C:\Users\ayang_gpo0615\AppData\Local\Programs\Python\Python311\Lib\site-packages\google\ai\generativelanguage_v1beta\services\generative_service\client.py", line 1392, in batch_embed_contents
    response = rpc(
               ^^^^
  File "C:\Users\ayang_gpo0615\AppData\Local\Programs\Python\Python311\Lib\site-packages\google\api_core\gapic_v1\method.py", line 128, in __call__
    return wrapped_func(*args, **kwargs)
           ^^^^^^^^^^^^^^^^^^^^^^^^^^^^^
  File "C:\Users\ayang_gpo0615\AppData\Local\Programs\Python\Python311\Lib\site-packages\google\api_core\retry\retry_unary.py", line 294, in retry_wrapped_func
    return retry_target(
           ^^^^^^^^^^^^^
  File "C:\Users\ayang_gpo0615\AppData\Local\Programs\Python\Python311\Lib\site-packages\google\api_core\retry\retry_unary.py", line 156, in retry_target
    next_sleep = _retry_error_helper(
                 ^^^^^^^^^^^^^^^^^^^^
  File "C:\Users\ayang_gpo0615\AppData\Local\Programs\Python\Python311\Lib\site-packages\google\api_core\retry\retry_base.py", line 216, in _retry_error_helper
    raise final_exc from source_exc
  File "C:\Users\ayang_gpo0615\AppData\Local\Programs\Python\Python311\Lib\site-packages\google\api_core\retry\retry_unary.py", line 147, in retry_target
    result = target()
             ^^^^^^^^
  File "C:\Users\ayang_gpo0615\AppData\Local\Programs\Python\Python311\Lib\site-packages\google\api_core\timeout.py", line 130, in func_with_timeout
    return func(*args, **kwargs)
           ^^^^^^^^^^^^^^^^^^^^^
  File "C:\Users\ayang_gpo0615\AppData\Local\Programs\Python\Python311\Lib\site-packages\google\api_core\grpc_helpers.py", line 57, in error_remapped_callable
    raise exceptions.from_grpc_error(exc) from exc
google.api_core.exceptions.NotFound: 404 models/embedding-001 is not found for API version v1beta, or is not supported for embedContent. Call ListModels to see the list of available models and their supported methods.

The above exception was the direct cause of the following exception:

Traceback (most recent call last):
  File "C:\Users\ayang_gpo0615\.gemini\antigravity\scratch\backend\main.py", line 138, in run_pipeline
    await orchestrator.analyze_document(
  File "C:\Users\ayang_gpo0615\.gemini\antigravity\scratch\backend\agents\orchestrator.py", line 97, in analyze_document
    classification, _num_chunks = await asyncio.gather(
                                  ^^^^^^^^^^^^^^^^^^^^^
  File "C:\Users\ayang_gpo0615\AppData\Local\Programs\Python\Python311\Lib\asyncio\threads.py", line 25, in to_thread
    return await loop.run_in_executor(None, func_call)
           ^^^^^^^^^^^^^^^^^^^^^^^^^^^^^^^^^^^^^^^^^^^
  File "C:\Users\ayang_gpo0615\AppData\Local\Programs\Python\Python311\Lib\concurrent\futures\thread.py", line 58, in run
    result = self.fn(*self.args, **self.kwargs)
             ^^^^^^^^^^^^^^^^^^^^^^^^^^^^^^^^^^
  File "C:\Users\ayang_gpo0615\.gemini\antigravity\scratch\backend\agents\understanding.py", line 80, in build_index
    index = FAISS.from_documents(documents, embeddings)
            ^^^^^^^^^^^^^^^^^^^^^^^^^^^^^^^^^^^^^^^^^^^
  File "C:\Users\ayang_gpo0615\AppData\Local\Programs\Python\Python311\Lib\site-packages\langchain_core\vectorstores\base.py", line 848, in from_documents
    return cls.from_texts(texts, embedding, metadatas=metadatas, **kwargs)
           ^^^^^^^^^^^^^^^^^^^^^^^^^^^^^^^^^^^^^^^^^^^^^^^^^^^^^^^^^^^^^^^
  File "C:\Users\ayang_gpo0615\AppData\Local\Programs\Python\Python311\Lib\site-packages\langchain_community\vectorstores\faiss.py", line 1041, in from_texts
    embeddings = embedding.embed_documents(texts)
                 ^^^^^^^^^^^^^^^^^^^^^^^^^^^^^^^^
  File "C:\Users\ayang_gpo0615\AppData\Local\Programs\Python\Python311\Lib\site-packages\langchain_google_genai\embeddings.py", line 231, in embed_documents
    raise GoogleGenerativeAIError(f"Error embedding content: {e}") from e
langchain_google_genai._common.GoogleGenerativeAIError: Error embedding content: 404 models/embedding-001 is not found for API version v1beta, or is not supported for embedContent. Call ListModels to see the list of available models and their supported methods.

Error 927c51a524da: Error embedding content: 400 * BatchEmbedContentsRequest.model: unexpected model name format
* BatchEmbedContentsRequest.requests[0].model: unexpected model name format

Traceback (most recent call last):
  File "C:\Users\ayang_gpo0615\AppData\Local\Programs\Python\Python311\Lib\site-packages\google\api_core\grpc_helpers.py", line 55, in error_remapped_callable
    return callable_(*args, **kwargs)
           ^^^^^^^^^^^^^^^^^^^^^^^^^^
  File "C:\Users\ayang_gpo0615\AppData\Local\Programs\Python\Python311\Lib\site-packages\grpc\_interceptor.py", line 276, in __call__
    response, ignored_call = self._with_call(
                             ^^^^^^^^^^^^^^^^
  File "C:\Users\ayang_gpo0615\AppData\Local\Programs\Python\Python311\Lib\site-packages\grpc\_interceptor.py", line 331, in _with_call
    return call.result(), call
           ^^^^^^^^^^^^^
  File "C:\Users\ayang_gpo0615\AppData\Local\Programs\Python\Python311\Lib\site-packages\grpc\_channel.py", line 438, in result
    raise self
  File "C:\Users\ayang_gpo0615\AppData\Local\Programs\Python\Python311\Lib\site-packages\grpc\_interceptor.py", line 314, in continuation
    response, call = self._thunk(new_method).with_call(
                     ^^^^^^^^^^^^^^^^^^^^^^^^^^^^^^^^^^
  File "C:\Users\ayang_gpo0615\AppData\Local\Programs\Python\Python311\Lib\site-packages\grpc\_channel.py", line 1173, in with_call
    return _end_unary_response_blocking(state, call, True, None)
           ^^^^^^^^^^^^^^^^^^^^^^^^^^^^^^^^^^^^^^^^^^^^^^^^^^^^^
  File "C:\Users\ayang_gpo0615\AppData\Local\Programs\Python\Python311\Lib\site-packages\grpc\_channel.py", line 990, in _end_unary_response_blocking
    raise _InactiveRpcError(state)  # pytype: disable=not-instantiable
    ^^^^^^^^^^^^^^^^^^^^^^^^^^^^^^
grpc._channel._InactiveRpcError: <_InactiveRpcError of RPC that terminated with:
	status = StatusCode.INVALID_ARGUMENT
	details = "* BatchEmbedContentsRequest.model: unexpected model name format
* BatchEmbedContentsRequest.requests[0].model: unexpected model name format
"
	debug_error_string = "UNKNOWN:Error received from peer ipv4:142.250.195.10:443 {grpc_status:3, grpc_message:"* BatchEmbedContentsRequest.model: unexpected model name format\n* BatchEmbedContentsRequest.requests[0].model: unexpected model name format\n"}"
>

The above exception was the direct cause of the following exception:

Traceback (most recent call last):
  File "C:\Users\ayang_gpo0615\AppData\Local\Programs\Python\Python311\Lib\site-packages\langchain_google_genai\embeddings.py", line 227, in embed_documents
    result = self.client.batch_embed_contents(
             ^^^^^^^^^^^^^^^^^^^^^^^^^^^^^^^^^
  File "C:\Users\ayang_gpo0615\AppData\Local\Programs\Python\Python311\Lib\site-packages\google\ai\generativelanguage_v1beta\services\generative_service\client.py", line 1392, in batch_embed_contents
    response = rpc(
               ^^^^
  File "C:\Users\ayang_gpo0615\AppData\Local\Programs\Python\Python311\Lib\site-packages\google\api_core\gapic_v1\method.py", line 128, in __call__
    return wrapped_func(*args, **kwargs)
           ^^^^^^^^^^^^^^^^^^^^^^^^^^^^^
  File "C:\Users\ayang_gpo0615\AppData\Local\Programs\Python\Python311\Lib\site-packages\google\api_core\retry\retry_unary.py", line 294, in retry_wrapped_func
    return retry_target(
           ^^^^^^^^^^^^^
  File "C:\Users\ayang_gpo0615\AppData\Local\Programs\Python\Python311\Lib\site-packages\google\api_core\retry\retry_unary.py", line 156, in retry_target
    next_sleep = _retry_error_helper(
                 ^^^^^^^^^^^^^^^^^^^^
  File "C:\Users\ayang_gpo0615\AppData\Local\Programs\Python\Python311\Lib\site-packages\google\api_core\retry\retry_base.py", line 216, in _retry_error_helper
    raise final_exc from source_exc
  File "C:\Users\ayang_gpo0615\AppData\Local\Programs\Python\Python311\Lib\site-packages\google\api_core\retry\retry_unary.py", line 147, in retry_target
    result = target()
             ^^^^^^^^
  File "C:\Users\ayang_gpo0615\AppData\Local\Programs\Python\Python311\Lib\site-packages\google\api_core\timeout.py", line 130, in func_with_timeout
    return func(*args, **kwargs)
           ^^^^^^^^^^^^^^^^^^^^^
  File "C:\Users\ayang_gpo0615\AppData\Local\Programs\Python\Python311\Lib\site-packages\google\api_core\grpc_helpers.py", line 57, in error_remapped_callable
    raise exceptions.from_grpc_error(exc) from exc
google.api_core.exceptions.InvalidArgument: 400 * BatchEmbedContentsRequest.model: unexpected model name format
* BatchEmbedContentsRequest.requests[0].model: unexpected model name format


The above exception was the direct cause of the following exception:

Traceback (most recent call last):
  File "C:\Users\ayang_gpo0615\.gemini\antigravity\scratch\backend\main.py", line 138, in run_pipeline
    await orchestrator.analyze_document(
  File "C:\Users\ayang_gpo0615\.gemini\antigravity\scratch\backend\agents\orchestrator.py", line 97, in analyze_document
    classification, _num_chunks = await asyncio.gather(
                                  ^^^^^^^^^^^^^^^^^^^^^
  File "C:\Users\ayang_gpo0615\AppData\Local\Programs\Python\Python311\Lib\asyncio\threads.py", line 25, in to_thread
    return await loop.run_in_executor(None, func_call)
           ^^^^^^^^^^^^^^^^^^^^^^^^^^^^^^^^^^^^^^^^^^^
  File "C:\Users\ayang_gpo0615\AppData\Local\Programs\Python\Python311\Lib\concurrent\futures\thread.py", line 58, in run
    result = self.fn(*self.args, **self.kwargs)
             ^^^^^^^^^^^^^^^^^^^^^^^^^^^^^^^^^^
  File "C:\Users\ayang_gpo0615\.gemini\antigravity\scratch\backend\agents\understanding.py", line 80, in build_index
    index = FAISS.from_documents(documents, embeddings)
            ^^^^^^^^^^^^^^^^^^^^^^^^^^^^^^^^^^^^^^^^^^^
  File "C:\Users\ayang_gpo0615\AppData\Local\Programs\Python\Python311\Lib\site-packages\langchain_core\vectorstores\base.py", line 848, in from_documents
    return cls.from_texts(texts, embedding, metadatas=metadatas, **kwargs)
           ^^^^^^^^^^^^^^^^^^^^^^^^^^^^^^^^^^^^^^^^^^^^^^^^^^^^^^^^^^^^^^^
  File "C:\Users\ayang_gpo0615\AppData\Local\Programs\Python\Python311\Lib\site-packages\langchain_community\vectorstores\faiss.py", line 1041, in from_texts
    embeddings = embedding.embed_documents(texts)
                 ^^^^^^^^^^^^^^^^^^^^^^^^^^^^^^^^
  File "C:\Users\ayang_gpo0615\AppData\Local\Programs\Python\Python311\Lib\site-packages\langchain_google_genai\embeddings.py", line 231, in embed_documents
    raise GoogleGenerativeAIError(f"Error embedding content: {e}") from e
langchain_google_genai._common.GoogleGenerativeAIError: Error embedding content: 400 * BatchEmbedContentsRequest.model: unexpected model name format
* BatchEmbedContentsRequest.requests[0].model: unexpected model name format


Error 6dc8f6f7b2fe: Error embedding content: 404 models/text-embedding-004 is not found for API version v1beta, or is not supported for embedContent. Call ListModels to see the list of available models and their supported methods.
Traceback (most recent call last):
  File "C:\Users\ayang_gpo0615\AppData\Local\Programs\Python\Python311\Lib\site-packages\google\api_core\grpc_helpers.py", line 55, in error_remapped_callable
    return callable_(*args, **kwargs)
           ^^^^^^^^^^^^^^^^^^^^^^^^^^
  File "C:\Users\ayang_gpo0615\AppData\Local\Programs\Python\Python311\Lib\site-packages\grpc\_interceptor.py", line 276, in __call__
    response, ignored_call = self._with_call(
                             ^^^^^^^^^^^^^^^^
  File "C:\Users\ayang_gpo0615\AppData\Local\Programs\Python\Python311\Lib\site-packages\grpc\_interceptor.py", line 331, in _with_call
    return call.result(), call
           ^^^^^^^^^^^^^
  File "C:\Users\ayang_gpo0615\AppData\Local\Programs\Python\Python311\Lib\site-packages\grpc\_channel.py", line 438, in result
    raise self
  File "C:\Users\ayang_gpo0615\AppData\Local\Programs\Python\Python311\Lib\site-packages\grpc\_interceptor.py", line 314, in continuation
    response, call = self._thunk(new_method).with_call(
                     ^^^^^^^^^^^^^^^^^^^^^^^^^^^^^^^^^^
  File "C:\Users\ayang_gpo0615\AppData\Local\Programs\Python\Python311\Lib\site-packages\grpc\_channel.py", line 1173, in with_call
    return _end_unary_response_blocking(state, call, True, None)
           ^^^^^^^^^^^^^^^^^^^^^^^^^^^^^^^^^^^^^^^^^^^^^^^^^^^^^
  File "C:\Users\ayang_gpo0615\AppData\Local\Programs\Python\Python311\Lib\site-packages\grpc\_channel.py", line 990, in _end_unary_response_blocking
    raise _InactiveRpcError(state)  # pytype: disable=not-instantiable
    ^^^^^^^^^^^^^^^^^^^^^^^^^^^^^^
grpc._channel._InactiveRpcError: <_InactiveRpcError of RPC that terminated with:
	status = StatusCode.NOT_FOUND
	details = "models/text-embedding-004 is not found for API version v1beta, or is not supported for embedContent. Call ListModels to see the list of available models and their supported methods."
	debug_error_string = "UNKNOWN:Error received from peer ipv4:142.250.207.202:443 {grpc_message:"models/text-embedding-004 is not found for API version v1beta, or is not supported for embedContent. Call ListModels to see the list of available models and their supported methods.", grpc_status:5}"
>

The above exception was the direct cause of the following exception:

Traceback (most recent call last):
  File "C:\Users\ayang_gpo0615\AppData\Local\Programs\Python\Python311\Lib\site-packages\langchain_google_genai\embeddings.py", line 227, in embed_documents
    result = self.client.batch_embed_contents(
             ^^^^^^^^^^^^^^^^^^^^^^^^^^^^^^^^^
  File "C:\Users\ayang_gpo0615\AppData\Local\Programs\Python\Python311\Lib\site-packages\google\ai\generativelanguage_v1beta\services\generative_service\client.py", line 1392, in batch_embed_contents
    response = rpc(
               ^^^^
  File "C:\Users\ayang_gpo0615\AppData\Local\Programs\Python\Python311\Lib\site-packages\google\api_core\gapic_v1\method.py", line 128, in __call__
    return wrapped_func(*args, **kwargs)
           ^^^^^^^^^^^^^^^^^^^^^^^^^^^^^
  File "C:\Users\ayang_gpo0615\AppData\Local\Programs\Python\Python311\Lib\site-packages\google\api_core\retry\retry_unary.py", line 294, in retry_wrapped_func
    return retry_target(
           ^^^^^^^^^^^^^
  File "C:\Users\ayang_gpo0615\AppData\Local\Programs\Python\Python311\Lib\site-packages\google\api_core\retry\retry_unary.py", line 156, in retry_target
    next_sleep = _retry_error_helper(
                 ^^^^^^^^^^^^^^^^^^^^
  File "C:\Users\ayang_gpo0615\AppData\Local\Programs\Python\Python311\Lib\site-packages\google\api_core\retry\retry_base.py", line 216, in _retry_error_helper
    raise final_exc from source_exc
  File "C:\Users\ayang_gpo0615\AppData\Local\Programs\Python\Python311\Lib\site-packages\google\api_core\retry\retry_unary.py", line 147, in retry_target
    result = target()
             ^^^^^^^^
  File "C:\Users\ayang_gpo0615\AppData\Local\Programs\Python\Python311\Lib\site-packages\google\api_core\timeout.py", line 130, in func_with_timeout
    return func(*args, **kwargs)
           ^^^^^^^^^^^^^^^^^^^^^
  File "C:\Users\ayang_gpo0615\AppData\Local\Programs\Python\Python311\Lib\site-packages\google\api_core\grpc_helpers.py", line 57, in error_remapped_callable
    raise exceptions.from_grpc_error(exc) from exc
google.api_core.exceptions.NotFound: 404 models/text-embedding-004 is not found for API version v1beta, or is not supported for embedContent. Call ListModels to see the list of available models and their supported methods.

The above exception was the direct cause of the following exception:

Traceback (most recent call last):
  File "C:\Users\ayang_gpo0615\.gemini\antigravity\scratch\backend\main.py", line 138, in run_pipeline
    await orchestrator.analyze_document(
  File "C:\Users\ayang_gpo0615\.gemini\antigravity\scratch\backend\agents\orchestrator.py", line 97, in analyze_document
    classification, _num_chunks = await asyncio.gather(
                                  ^^^^^^^^^^^^^^^^^^^^^
  File "C:\Users\ayang_gpo0615\AppData\Local\Programs\Python\Python311\Lib\asyncio\threads.py", line 25, in to_thread
    return await loop.run_in_executor(None, func_call)
           ^^^^^^^^^^^^^^^^^^^^^^^^^^^^^^^^^^^^^^^^^^^
  File "C:\Users\ayang_gpo0615\AppData\Local\Programs\Python\Python311\Lib\concurrent\futures\thread.py", line 58, in run
    result = self.fn(*self.args, **self.kwargs)
             ^^^^^^^^^^^^^^^^^^^^^^^^^^^^^^^^^^
  File "C:\Users\ayang_gpo0615\.gemini\antigravity\scratch\backend\agents\understanding.py", line 80, in build_index
    index = FAISS.from_documents(documents, embeddings)
            ^^^^^^^^^^^^^^^^^^^^^^^^^^^^^^^^^^^^^^^^^^^
  File "C:\Users\ayang_gpo0615\AppData\Local\Programs\Python\Python311\Lib\site-packages\langchain_core\vectorstores\base.py", line 848, in from_documents
    return cls.from_texts(texts, embedding, metadatas=metadatas, **kwargs)
           ^^^^^^^^^^^^^^^^^^^^^^^^^^^^^^^^^^^^^^^^^^^^^^^^^^^^^^^^^^^^^^^
  File "C:\Users\ayang_gpo0615\AppData\Local\Programs\Python\Python311\Lib\site-packages\langchain_community\vectorstores\faiss.py", line 1041, in from_texts
    embeddings = embedding.embed_documents(texts)
                 ^^^^^^^^^^^^^^^^^^^^^^^^^^^^^^^^
  File "C:\Users\ayang_gpo0615\AppData\Local\Programs\Python\Python311\Lib\site-packages\langchain_google_genai\embeddings.py", line 231, in embed_documents
    raise GoogleGenerativeAIError(f"Error embedding content: {e}") from e
langchain_google_genai._common.GoogleGenerativeAIError: Error embedding content: 404 models/text-embedding-004 is not found for API version v1beta, or is not supported for embedContent. Call ListModels to see the list of available models and their supported methods.

Error 994cfa6f2c9d: Error embedding content: 404 models/text-embedding-004 is not found for API version v1beta, or is not supported for embedContent. Call ListModels to see the list of available models and their supported methods.
Traceback (most recent call last):
  File "C:\Users\ayang_gpo0615\AppData\Local\Programs\Python\Python311\Lib\site-packages\google\api_core\grpc_helpers.py", line 55, in error_remapped_callable
    return callable_(*args, **kwargs)
           ^^^^^^^^^^^^^^^^^^^^^^^^^^
  File "C:\Users\ayang_gpo0615\AppData\Local\Programs\Python\Python311\Lib\site-packages\grpc\_interceptor.py", line 276, in __call__
    response, ignored_call = self._with_call(
                             ^^^^^^^^^^^^^^^^
  File "C:\Users\ayang_gpo0615\AppData\Local\Programs\Python\Python311\Lib\site-packages\grpc\_interceptor.py", line 331, in _with_call
    return call.result(), call
           ^^^^^^^^^^^^^
  File "C:\Users\ayang_gpo0615\AppData\Local\Programs\Python\Python311\Lib\site-packages\grpc\_channel.py", line 438, in result
    raise self
  File "C:\Users\ayang_gpo0615\AppData\Local\Programs\Python\Python311\Lib\site-packages\grpc\_interceptor.py", line 314, in continuation
    response, call = self._thunk(new_method).with_call(
                     ^^^^^^^^^^^^^^^^^^^^^^^^^^^^^^^^^^
  File "C:\Users\ayang_gpo0615\AppData\Local\Programs\Python\Python311\Lib\site-packages\grpc\_channel.py", line 1173, in with_call
    return _end_unary_response_blocking(state, call, True, None)
           ^^^^^^^^^^^^^^^^^^^^^^^^^^^^^^^^^^^^^^^^^^^^^^^^^^^^^
  File "C:\Users\ayang_gpo0615\AppData\Local\Programs\Python\Python311\Lib\site-packages\grpc\_channel.py", line 990, in _end_unary_response_blocking
    raise _InactiveRpcError(state)  # pytype: disable=not-instantiable
    ^^^^^^^^^^^^^^^^^^^^^^^^^^^^^^
grpc._channel._InactiveRpcError: <_InactiveRpcError of RPC that terminated with:
	status = StatusCode.NOT_FOUND
	details = "models/text-embedding-004 is not found for API version v1beta, or is not supported for embedContent. Call ListModels to see the list of available models and their supported methods."
	debug_error_string = "UNKNOWN:Error received from peer ipv4:216.239.32.223:443 {grpc_status:5, grpc_message:"models/text-embedding-004 is not found for API version v1beta, or is not supported for embedContent. Call ListModels to see the list of available models and their supported methods."}"
>

The above exception was the direct cause of the following exception:

Traceback (most recent call last):
  File "C:\Users\ayang_gpo0615\AppData\Local\Programs\Python\Python311\Lib\site-packages\langchain_google_genai\embeddings.py", line 227, in embed_documents
    result = self.client.batch_embed_contents(
             ^^^^^^^^^^^^^^^^^^^^^^^^^^^^^^^^^
  File "C:\Users\ayang_gpo0615\AppData\Local\Programs\Python\Python311\Lib\site-packages\google\ai\generativelanguage_v1beta\services\generative_service\client.py", line 1392, in batch_embed_contents
    response = rpc(
               ^^^^
  File "C:\Users\ayang_gpo0615\AppData\Local\Programs\Python\Python311\Lib\site-packages\google\api_core\gapic_v1\method.py", line 128, in __call__
    return wrapped_func(*args, **kwargs)
           ^^^^^^^^^^^^^^^^^^^^^^^^^^^^^
  File "C:\Users\ayang_gpo0615\AppData\Local\Programs\Python\Python311\Lib\site-packages\google\api_core\retry\retry_unary.py", line 294, in retry_wrapped_func
    return retry_target(
           ^^^^^^^^^^^^^
  File "C:\Users\ayang_gpo0615\AppData\Local\Programs\Python\Python311\Lib\site-packages\google\api_core\retry\retry_unary.py", line 156, in retry_target
    next_sleep = _retry_error_helper(
                 ^^^^^^^^^^^^^^^^^^^^
  File "C:\Users\ayang_gpo0615\AppData\Local\Programs\Python\Python311\Lib\site-packages\google\api_core\retry\retry_base.py", line 216, in _retry_error_helper
    raise final_exc from source_exc
  File "C:\Users\ayang_gpo0615\AppData\Local\Programs\Python\Python311\Lib\site-packages\google\api_core\retry\retry_unary.py", line 147, in retry_target
    result = target()
             ^^^^^^^^
  File "C:\Users\ayang_gpo0615\AppData\Local\Programs\Python\Python311\Lib\site-packages\google\api_core\timeout.py", line 130, in func_with_timeout
    return func(*args, **kwargs)
           ^^^^^^^^^^^^^^^^^^^^^
  File "C:\Users\ayang_gpo0615\AppData\Local\Programs\Python\Python311\Lib\site-packages\google\api_core\grpc_helpers.py", line 57, in error_remapped_callable
    raise exceptions.from_grpc_error(exc) from exc
google.api_core.exceptions.NotFound: 404 models/text-embedding-004 is not found for API version v1beta, or is not supported for embedContent. Call ListModels to see the list of available models and their supported methods.

The above exception was the direct cause of the following exception:

Traceback (most recent call last):
  File "C:\Users\ayang_gpo0615\.gemini\antigravity\scratch\backend\main.py", line 138, in run_pipeline
    await orchestrator.analyze_document(
  File "C:\Users\ayang_gpo0615\.gemini\antigravity\scratch\backend\agents\orchestrator.py", line 97, in analyze_document
    classification, _num_chunks = await asyncio.gather(
                                  ^^^^^^^^^^^^^^^^^^^^^
  File "C:\Users\ayang_gpo0615\AppData\Local\Programs\Python\Python311\Lib\asyncio\threads.py", line 25, in to_thread
    return await loop.run_in_executor(None, func_call)
           ^^^^^^^^^^^^^^^^^^^^^^^^^^^^^^^^^^^^^^^^^^^
  File "C:\Users\ayang_gpo0615\AppData\Local\Programs\Python\Python311\Lib\concurrent\futures\thread.py", line 58, in run
    result = self.fn(*self.args, **self.kwargs)
             ^^^^^^^^^^^^^^^^^^^^^^^^^^^^^^^^^^
  File "C:\Users\ayang_gpo0615\.gemini\antigravity\scratch\backend\agents\understanding.py", line 80, in build_index
    index = FAISS.from_documents(documents, embeddings)
            ^^^^^^^^^^^^^^^^^^^^^^^^^^^^^^^^^^^^^^^^^^^
  File "C:\Users\ayang_gpo0615\AppData\Local\Programs\Python\Python311\Lib\site-packages\langchain_core\vectorstores\base.py", line 848, in from_documents
    return cls.from_texts(texts, embedding, metadatas=metadatas, **kwargs)
           ^^^^^^^^^^^^^^^^^^^^^^^^^^^^^^^^^^^^^^^^^^^^^^^^^^^^^^^^^^^^^^^
  File "C:\Users\ayang_gpo0615\AppData\Local\Programs\Python\Python311\Lib\site-packages\langchain_community\vectorstores\faiss.py", line 1041, in from_texts
    embeddings = embedding.embed_documents(texts)
                 ^^^^^^^^^^^^^^^^^^^^^^^^^^^^^^^^
  File "C:\Users\ayang_gpo0615\AppData\Local\Programs\Python\Python311\Lib\site-packages\langchain_google_genai\embeddings.py", line 231, in embed_documents
    raise GoogleGenerativeAIError(f"Error embedding content: {e}") from e
langchain_google_genai._common.GoogleGenerativeAIError: Error embedding content: 404 models/text-embedding-004 is not found for API version v1beta, or is not supported for embedContent. Call ListModels to see the list of available models and their supported methods.

Error ff715475412d: Error embedding content: 404 models/text-embedding-004 is not found for API version v1beta, or is not supported for embedContent. Call ListModels to see the list of available models and their supported methods.
Traceback (most recent call last):
  File "C:\Users\ayang_gpo0615\AppData\Local\Programs\Python\Python311\Lib\site-packages\google\api_core\grpc_helpers.py", line 55, in error_remapped_callable
    return callable_(*args, **kwargs)
           ^^^^^^^^^^^^^^^^^^^^^^^^^^
  File "C:\Users\ayang_gpo0615\AppData\Local\Programs\Python\Python311\Lib\site-packages\grpc\_interceptor.py", line 276, in __call__
    response, ignored_call = self._with_call(
                             ^^^^^^^^^^^^^^^^
  File "C:\Users\ayang_gpo0615\AppData\Local\Programs\Python\Python311\Lib\site-packages\grpc\_interceptor.py", line 331, in _with_call
    return call.result(), call
           ^^^^^^^^^^^^^
  File "C:\Users\ayang_gpo0615\AppData\Local\Programs\Python\Python311\Lib\site-packages\grpc\_channel.py", line 438, in result
    raise self
  File "C:\Users\ayang_gpo0615\AppData\Local\Programs\Python\Python311\Lib\site-packages\grpc\_interceptor.py", line 314, in continuation
    response, call = self._thunk(new_method).with_call(
                     ^^^^^^^^^^^^^^^^^^^^^^^^^^^^^^^^^^
  File "C:\Users\ayang_gpo0615\AppData\Local\Programs\Python\Python311\Lib\site-packages\grpc\_channel.py", line 1173, in with_call
    return _end_unary_response_blocking(state, call, True, None)
           ^^^^^^^^^^^^^^^^^^^^^^^^^^^^^^^^^^^^^^^^^^^^^^^^^^^^^
  File "C:\Users\ayang_gpo0615\AppData\Local\Programs\Python\Python311\Lib\site-packages\grpc\_channel.py", line 990, in _end_unary_response_blocking
    raise _InactiveRpcError(state)  # pytype: disable=not-instantiable
    ^^^^^^^^^^^^^^^^^^^^^^^^^^^^^^
grpc._channel._InactiveRpcError: <_InactiveRpcError of RPC that terminated with:
	status = StatusCode.NOT_FOUND
	details = "models/text-embedding-004 is not found for API version v1beta, or is not supported for embedContent. Call ListModels to see the list of available models and their supported methods."
	debug_error_string = "UNKNOWN:Error received from peer ipv4:216.239.34.223:443 {grpc_status:5, grpc_message:"models/text-embedding-004 is not found for API version v1beta, or is not supported for embedContent. Call ListModels to see the list of available models and their supported methods."}"
>

The above exception was the direct cause of the following exception:

Traceback (most recent call last):
  File "C:\Users\ayang_gpo0615\AppData\Local\Programs\Python\Python311\Lib\site-packages\langchain_google_genai\embeddings.py", line 227, in embed_documents
    result = self.client.batch_embed_contents(
             ^^^^^^^^^^^^^^^^^^^^^^^^^^^^^^^^^
  File "C:\Users\ayang_gpo0615\AppData\Local\Programs\Python\Python311\Lib\site-packages\google\ai\generativelanguage_v1beta\services\generative_service\client.py", line 1392, in batch_embed_contents
    response = rpc(
               ^^^^
  File "C:\Users\ayang_gpo0615\AppData\Local\Programs\Python\Python311\Lib\site-packages\google\api_core\gapic_v1\method.py", line 128, in __call__
    return wrapped_func(*args, **kwargs)
           ^^^^^^^^^^^^^^^^^^^^^^^^^^^^^
  File "C:\Users\ayang_gpo0615\AppData\Local\Programs\Python\Python311\Lib\site-packages\google\api_core\retry\retry_unary.py", line 294, in retry_wrapped_func
    return retry_target(
           ^^^^^^^^^^^^^
  File "C:\Users\ayang_gpo0615\AppData\Local\Programs\Python\Python311\Lib\site-packages\google\api_core\retry\retry_unary.py", line 156, in retry_target
    next_sleep = _retry_error_helper(
                 ^^^^^^^^^^^^^^^^^^^^
  File "C:\Users\ayang_gpo0615\AppData\Local\Programs\Python\Python311\Lib\site-packages\google\api_core\retry\retry_base.py", line 216, in _retry_error_helper
    raise final_exc from source_exc
  File "C:\Users\ayang_gpo0615\AppData\Local\Programs\Python\Python311\Lib\site-packages\google\api_core\retry\retry_unary.py", line 147, in retry_target
    result = target()
             ^^^^^^^^
  File "C:\Users\ayang_gpo0615\AppData\Local\Programs\Python\Python311\Lib\site-packages\google\api_core\timeout.py", line 130, in func_with_timeout
    return func(*args, **kwargs)
           ^^^^^^^^^^^^^^^^^^^^^
  File "C:\Users\ayang_gpo0615\AppData\Local\Programs\Python\Python311\Lib\site-packages\google\api_core\grpc_helpers.py", line 57, in error_remapped_callable
    raise exceptions.from_grpc_error(exc) from exc
google.api_core.exceptions.NotFound: 404 models/text-embedding-004 is not found for API version v1beta, or is not supported for embedContent. Call ListModels to see the list of available models and their supported methods.

The above exception was the direct cause of the following exception:

Traceback (most recent call last):
  File "C:\Users\ayang_gpo0615\.gemini\antigravity\scratch\backend\main.py", line 138, in run_pipeline
    await orchestrator.analyze_document(
  File "C:\Users\ayang_gpo0615\.gemini\antigravity\scratch\backend\agents\orchestrator.py", line 97, in analyze_document
    classification, _num_chunks = await asyncio.gather(
                                  ^^^^^^^^^^^^^^^^^^^^^
  File "C:\Users\ayang_gpo0615\AppData\Local\Programs\Python\Python311\Lib\asyncio\threads.py", line 25, in to_thread
    return await loop.run_in_executor(None, func_call)
           ^^^^^^^^^^^^^^^^^^^^^^^^^^^^^^^^^^^^^^^^^^^
  File "C:\Users\ayang_gpo0615\AppData\Local\Programs\Python\Python311\Lib\concurrent\futures\thread.py", line 58, in run
    result = self.fn(*self.args, **self.kwargs)
             ^^^^^^^^^^^^^^^^^^^^^^^^^^^^^^^^^^
  File "C:\Users\ayang_gpo0615\.gemini\antigravity\scratch\backend\agents\understanding.py", line 80, in build_index
    index = FAISS.from_documents(documents, embeddings)
            ^^^^^^^^^^^^^^^^^^^^^^^^^^^^^^^^^^^^^^^^^^^
  File "C:\Users\ayang_gpo0615\AppData\Local\Programs\Python\Python311\Lib\site-packages\langchain_core\vectorstores\base.py", line 848, in from_documents
    return cls.from_texts(texts, embedding, metadatas=metadatas, **kwargs)
           ^^^^^^^^^^^^^^^^^^^^^^^^^^^^^^^^^^^^^^^^^^^^^^^^^^^^^^^^^^^^^^^
  File "C:\Users\ayang_gpo0615\AppData\Local\Programs\Python\Python311\Lib\site-packages\langchain_community\vectorstores\faiss.py", line 1041, in from_texts
    embeddings = embedding.embed_documents(texts)
                 ^^^^^^^^^^^^^^^^^^^^^^^^^^^^^^^^
  File "C:\Users\ayang_gpo0615\AppData\Local\Programs\Python\Python311\Lib\site-packages\langchain_google_genai\embeddings.py", line 231, in embed_documents
    raise GoogleGenerativeAIError(f"Error embedding content: {e}") from e
langchain_google_genai._common.GoogleGenerativeAIError: Error embedding content: 404 models/text-embedding-004 is not found for API version v1beta, or is not supported for embedContent. Call ListModels to see the list of available models and their supported methods.

Error f8621d24b143: Error embedding content: 404 models/text-embedding-004 is not found for API version v1beta, or is not supported for embedContent. Call ListModels to see the list of available models and their supported methods.
Traceback (most recent call last):
  File "C:\Users\ayang_gpo0615\AppData\Local\Programs\Python\Python311\Lib\site-packages\google\api_core\grpc_helpers.py", line 55, in error_remapped_callable
    return callable_(*args, **kwargs)
           ^^^^^^^^^^^^^^^^^^^^^^^^^^
  File "C:\Users\ayang_gpo0615\AppData\Local\Programs\Python\Python311\Lib\site-packages\grpc\_interceptor.py", line 276, in __call__
    response, ignored_call = self._with_call(
                             ^^^^^^^^^^^^^^^^
  File "C:\Users\ayang_gpo0615\AppData\Local\Programs\Python\Python311\Lib\site-packages\grpc\_interceptor.py", line 331, in _with_call
    return call.result(), call
           ^^^^^^^^^^^^^
  File "C:\Users\ayang_gpo0615\AppData\Local\Programs\Python\Python311\Lib\site-packages\grpc\_channel.py", line 438, in result
    raise self
  File "C:\Users\ayang_gpo0615\AppData\Local\Programs\Python\Python311\Lib\site-packages\grpc\_interceptor.py", line 314, in continuation
    response, call = self._thunk(new_method).with_call(
                     ^^^^^^^^^^^^^^^^^^^^^^^^^^^^^^^^^^
  File "C:\Users\ayang_gpo0615\AppData\Local\Programs\Python\Python311\Lib\site-packages\grpc\_channel.py", line 1173, in with_call
    return _end_unary_response_blocking(state, call, True, None)
           ^^^^^^^^^^^^^^^^^^^^^^^^^^^^^^^^^^^^^^^^^^^^^^^^^^^^^
  File "C:\Users\ayang_gpo0615\AppData\Local\Programs\Python\Python311\Lib\site-packages\grpc\_channel.py", line 990, in _end_unary_response_blocking
    raise _InactiveRpcError(state)  # pytype: disable=not-instantiable
    ^^^^^^^^^^^^^^^^^^^^^^^^^^^^^^
grpc._channel._InactiveRpcError: <_InactiveRpcError of RPC that terminated with:
	status = StatusCode.NOT_FOUND
	details = "models/text-embedding-004 is not found for API version v1beta, or is not supported for embedContent. Call ListModels to see the list of available models and their supported methods."
	debug_error_string = "UNKNOWN:Error received from peer ipv4:216.239.32.223:443 {grpc_message:"models/text-embedding-004 is not found for API version v1beta, or is not supported for embedContent. Call ListModels to see the list of available models and their supported methods.", grpc_status:5}"
>

The above exception was the direct cause of the following exception:

Traceback (most recent call last):
  File "C:\Users\ayang_gpo0615\AppData\Local\Programs\Python\Python311\Lib\site-packages\langchain_google_genai\embeddings.py", line 227, in embed_documents
    result = self.client.batch_embed_contents(
             ^^^^^^^^^^^^^^^^^^^^^^^^^^^^^^^^^
  File "C:\Users\ayang_gpo0615\AppData\Local\Programs\Python\Python311\Lib\site-packages\google\ai\generativelanguage_v1beta\services\generative_service\client.py", line 1392, in batch_embed_contents
    response = rpc(
               ^^^^
  File "C:\Users\ayang_gpo0615\AppData\Local\Programs\Python\Python311\Lib\site-packages\google\api_core\gapic_v1\method.py", line 128, in __call__
    return wrapped_func(*args, **kwargs)
           ^^^^^^^^^^^^^^^^^^^^^^^^^^^^^
  File "C:\Users\ayang_gpo0615\AppData\Local\Programs\Python\Python311\Lib\site-packages\google\api_core\retry\retry_unary.py", line 294, in retry_wrapped_func
    return retry_target(
           ^^^^^^^^^^^^^
  File "C:\Users\ayang_gpo0615\AppData\Local\Programs\Python\Python311\Lib\site-packages\google\api_core\retry\retry_unary.py", line 156, in retry_target
    next_sleep = _retry_error_helper(
                 ^^^^^^^^^^^^^^^^^^^^
  File "C:\Users\ayang_gpo0615\AppData\Local\Programs\Python\Python311\Lib\site-packages\google\api_core\retry\retry_base.py", line 216, in _retry_error_helper
    raise final_exc from source_exc
  File "C:\Users\ayang_gpo0615\AppData\Local\Programs\Python\Python311\Lib\site-packages\google\api_core\retry\retry_unary.py", line 147, in retry_target
    result = target()
             ^^^^^^^^
  File "C:\Users\ayang_gpo0615\AppData\Local\Programs\Python\Python311\Lib\site-packages\google\api_core\timeout.py", line 130, in func_with_timeout
    return func(*args, **kwargs)
           ^^^^^^^^^^^^^^^^^^^^^
  File "C:\Users\ayang_gpo0615\AppData\Local\Programs\Python\Python311\Lib\site-packages\google\api_core\grpc_helpers.py", line 57, in error_remapped_callable
    raise exceptions.from_grpc_error(exc) from exc
google.api_core.exceptions.NotFound: 404 models/text-embedding-004 is not found for API version v1beta, or is not supported for embedContent. Call ListModels to see the list of available models and their supported methods.

The above exception was the direct cause of the following exception:

Traceback (most recent call last):
  File "C:\Users\ayang_gpo0615\.gemini\antigravity\scratch\backend\main.py", line 138, in run_pipeline
    await orchestrator.analyze_document(
  File "C:\Users\ayang_gpo0615\.gemini\antigravity\scratch\backend\agents\orchestrator.py", line 97, in analyze_document
    classification, _num_chunks = await asyncio.gather(
                                  ^^^^^^^^^^^^^^^^^^^^^
  File "C:\Users\ayang_gpo0615\AppData\Local\Programs\Python\Python311\Lib\asyncio\threads.py", line 25, in to_thread
    return await loop.run_in_executor(None, func_call)
           ^^^^^^^^^^^^^^^^^^^^^^^^^^^^^^^^^^^^^^^^^^^
  File "C:\Users\ayang_gpo0615\AppData\Local\Programs\Python\Python311\Lib\concurrent\futures\thread.py", line 58, in run
    result = self.fn(*self.args, **self.kwargs)
             ^^^^^^^^^^^^^^^^^^^^^^^^^^^^^^^^^^
  File "C:\Users\ayang_gpo0615\.gemini\antigravity\scratch\backend\agents\understanding.py", line 80, in build_index
    index = FAISS.from_documents(documents, embeddings)
            ^^^^^^^^^^^^^^^^^^^^^^^^^^^^^^^^^^^^^^^^^^^
  File "C:\Users\ayang_gpo0615\AppData\Local\Programs\Python\Python311\Lib\site-packages\langchain_core\vectorstores\base.py", line 848, in from_documents
    return cls.from_texts(texts, embedding, metadatas=metadatas, **kwargs)
           ^^^^^^^^^^^^^^^^^^^^^^^^^^^^^^^^^^^^^^^^^^^^^^^^^^^^^^^^^^^^^^^
  File "C:\Users\ayang_gpo0615\AppData\Local\Programs\Python\Python311\Lib\site-packages\langchain_community\vectorstores\faiss.py", line 1041, in from_texts
    embeddings = embedding.embed_documents(texts)
                 ^^^^^^^^^^^^^^^^^^^^^^^^^^^^^^^^
  File "C:\Users\ayang_gpo0615\AppData\Local\Programs\Python\Python311\Lib\site-packages\langchain_google_genai\embeddings.py", line 231, in embed_documents
    raise GoogleGenerativeAIError(f"Error embedding content: {e}") from e
langchain_google_genai._common.GoogleGenerativeAIError: Error embedding content: 404 models/text-embedding-004 is not found for API version v1beta, or is not supported for embedContent. Call ListModels to see the list of available models and their supported methods.

Error 9e2cdb80e608: 404 This model models/gemini-2.0-flash is no longer available to new users. Please update your code to use a newer model for the latest features and improvements.
Traceback (most recent call last):
  File "C:\Users\ayang_gpo0615\AppData\Local\Programs\Python\Python311\Lib\site-packages\google\api_core\grpc_helpers.py", line 55, in error_remapped_callable
    return callable_(*args, **kwargs)
           ^^^^^^^^^^^^^^^^^^^^^^^^^^
  File "C:\Users\ayang_gpo0615\AppData\Local\Programs\Python\Python311\Lib\site-packages\grpc\_interceptor.py", line 276, in __call__
    response, ignored_call = self._with_call(
                             ^^^^^^^^^^^^^^^^
  File "C:\Users\ayang_gpo0615\AppData\Local\Programs\Python\Python311\Lib\site-packages\grpc\_interceptor.py", line 331, in _with_call
    return call.result(), call
           ^^^^^^^^^^^^^
  File "C:\Users\ayang_gpo0615\AppData\Local\Programs\Python\Python311\Lib\site-packages\grpc\_channel.py", line 438, in result
    raise self
  File "C:\Users\ayang_gpo0615\AppData\Local\Programs\Python\Python311\Lib\site-packages\grpc\_interceptor.py", line 314, in continuation
    response, call = self._thunk(new_method).with_call(
                     ^^^^^^^^^^^^^^^^^^^^^^^^^^^^^^^^^^
  File "C:\Users\ayang_gpo0615\AppData\Local\Programs\Python\Python311\Lib\site-packages\grpc\_channel.py", line 1173, in with_call
    return _end_unary_response_blocking(state, call, True, None)
           ^^^^^^^^^^^^^^^^^^^^^^^^^^^^^^^^^^^^^^^^^^^^^^^^^^^^^
  File "C:\Users\ayang_gpo0615\AppData\Local\Programs\Python\Python311\Lib\site-packages\grpc\_channel.py", line 990, in _end_unary_response_blocking
    raise _InactiveRpcError(state)  # pytype: disable=not-instantiable
    ^^^^^^^^^^^^^^^^^^^^^^^^^^^^^^
grpc._channel._InactiveRpcError: <_InactiveRpcError of RPC that terminated with:
	status = StatusCode.NOT_FOUND
	details = "This model models/gemini-2.0-flash is no longer available to new users. Please update your code to use a newer model for the latest features and improvements."
	debug_error_string = "UNKNOWN:Error received from peer ipv4:142.251.220.74:443 {grpc_status:5, grpc_message:"This model models/gemini-2.0-flash is no longer available to new users. Please update your code to use a newer model for the latest features and improvements."}"
>

The above exception was the direct cause of the following exception:

Traceback (most recent call last):
  File "C:\Users\ayang_gpo0615\.gemini\antigravity\scratch\backend\main.py", line 136, in run_pipeline
    await orchestrator.analyze_document(
  File "C:\Users\ayang_gpo0615\.gemini\antigravity\scratch\backend\agents\orchestrator.py", line 140, in analyze_document
    summary, extracted_data = await asyncio.gather(
                              ^^^^^^^^^^^^^^^^^^^^^
  File "C:\Users\ayang_gpo0615\AppData\Local\Programs\Python\Python311\Lib\asyncio\threads.py", line 25, in to_thread
    return await loop.run_in_executor(None, func_call)
           ^^^^^^^^^^^^^^^^^^^^^^^^^^^^^^^^^^^^^^^^^^^
  File "C:\Users\ayang_gpo0615\AppData\Local\Programs\Python\Python311\Lib\concurrent\futures\thread.py", line 58, in run
    result = self.fn(*self.args, **self.kwargs)
             ^^^^^^^^^^^^^^^^^^^^^^^^^^^^^^^^^^
  File "C:\Users\ayang_gpo0615\.gemini\antigravity\scratch\backend\agents\extraction.py", line 45, in extract_structured
    response = llm.invoke([HumanMessage(content=prompt)])
               ^^^^^^^^^^^^^^^^^^^^^^^^^^^^^^^^^^^^^^^^^^
  File "C:\Users\ayang_gpo0615\AppData\Local\Programs\Python\Python311\Lib\site-packages\langchain_core\language_models\chat_models.py", line 372, in invoke
    self.generate_prompt(
  File "C:\Users\ayang_gpo0615\AppData\Local\Programs\Python\Python311\Lib\site-packages\langchain_core\language_models\chat_models.py", line 957, in generate_prompt
    return self.generate(prompt_messages, stop=stop, callbacks=callbacks, **kwargs)
           ^^^^^^^^^^^^^^^^^^^^^^^^^^^^^^^^^^^^^^^^^^^^^^^^^^^^^^^^^^^^^^^^^^^^^^^^
  File "C:\Users\ayang_gpo0615\AppData\Local\Programs\Python\Python311\Lib\site-packages\langchain_core\language_models\chat_models.py", line 776, in generate
    self._generate_with_cache(
  File "C:\Users\ayang_gpo0615\AppData\Local\Programs\Python\Python311\Lib\site-packages\langchain_core\language_models\chat_models.py", line 1022, in _generate_with_cache
    result = self._generate(
             ^^^^^^^^^^^^^^^
  File "C:\Users\ayang_gpo0615\AppData\Local\Programs\Python\Python311\Lib\site-packages\langchain_google_genai\chat_models.py", line 946, in _generate
    response: GenerateContentResponse = _chat_with_retry(
                                        ^^^^^^^^^^^^^^^^^
  File "C:\Users\ayang_gpo0615\AppData\Local\Programs\Python\Python311\Lib\site-packages\langchain_google_genai\chat_models.py", line 196, in _chat_with_retry
    return _chat_with_retry(**kwargs)
           ^^^^^^^^^^^^^^^^^^^^^^^^^^
  File "C:\Users\ayang_gpo0615\AppData\Local\Programs\Python\Python311\Lib\site-packages\tenacity\__init__.py", line 331, in wrapped_f
    return copy(f, *args, **kw)
           ^^^^^^^^^^^^^^^^^^^^
  File "C:\Users\ayang_gpo0615\AppData\Local\Programs\Python\Python311\Lib\site-packages\tenacity\__init__.py", line 470, in __call__
    do = self.iter(retry_state=retry_state)
         ^^^^^^^^^^^^^^^^^^^^^^^^^^^^^^^^^^
  File "C:\Users\ayang_gpo0615\AppData\Local\Programs\Python\Python311\Lib\site-packages\tenacity\__init__.py", line 371, in iter
    result = action(retry_state)
             ^^^^^^^^^^^^^^^^^^^
  File "C:\Users\ayang_gpo0615\AppData\Local\Programs\Python\Python311\Lib\site-packages\tenacity\__init__.py", line 413, in exc_check
    raise retry_exc.reraise()
          ^^^^^^^^^^^^^^^^^^^
  File "C:\Users\ayang_gpo0615\AppData\Local\Programs\Python\Python311\Lib\site-packages\tenacity\__init__.py", line 184, in reraise
    raise self.last_attempt.result()
          ^^^^^^^^^^^^^^^^^^^^^^^^^^
  File "C:\Users\ayang_gpo0615\AppData\Local\Programs\Python\Python311\Lib\concurrent\futures\_base.py", line 449, in result
    return self.__get_result()
           ^^^^^^^^^^^^^^^^^^^
  File "C:\Users\ayang_gpo0615\AppData\Local\Programs\Python\Python311\Lib\concurrent\futures\_base.py", line 401, in __get_result
    raise self._exception
  File "C:\Users\ayang_gpo0615\AppData\Local\Programs\Python\Python311\Lib\site-packages\tenacity\__init__.py", line 473, in __call__
    result = fn(*args, **kwargs)
             ^^^^^^^^^^^^^^^^^^^
  File "C:\Users\ayang_gpo0615\AppData\Local\Programs\Python\Python311\Lib\site-packages\langchain_google_genai\chat_models.py", line 194, in _chat_with_retry
    raise e
  File "C:\Users\ayang_gpo0615\AppData\Local\Programs\Python\Python311\Lib\site-packages\langchain_google_genai\chat_models.py", line 178, in _chat_with_retry
    return generation_method(**kwargs)
           ^^^^^^^^^^^^^^^^^^^^^^^^^^^
  File "C:\Users\ayang_gpo0615\AppData\Local\Programs\Python\Python311\Lib\site-packages\google\ai\generativelanguage_v1beta\services\generative_service\client.py", line 835, in generate_content
    response = rpc(
               ^^^^
  File "C:\Users\ayang_gpo0615\AppData\Local\Programs\Python\Python311\Lib\site-packages\google\api_core\gapic_v1\method.py", line 128, in __call__
    return wrapped_func(*args, **kwargs)
           ^^^^^^^^^^^^^^^^^^^^^^^^^^^^^
  File "C:\Users\ayang_gpo0615\AppData\Local\Programs\Python\Python311\Lib\site-packages\google\api_core\retry\retry_unary.py", line 294, in retry_wrapped_func
    return retry_target(
           ^^^^^^^^^^^^^
  File "C:\Users\ayang_gpo0615\AppData\Local\Programs\Python\Python311\Lib\site-packages\google\api_core\retry\retry_unary.py", line 156, in retry_target
    next_sleep = _retry_error_helper(
                 ^^^^^^^^^^^^^^^^^^^^
  File "C:\Users\ayang_gpo0615\AppData\Local\Programs\Python\Python311\Lib\site-packages\google\api_core\retry\retry_base.py", line 216, in _retry_error_helper
    raise final_exc from source_exc
  File "C:\Users\ayang_gpo0615\AppData\Local\Programs\Python\Python311\Lib\site-packages\google\api_core\retry\retry_unary.py", line 147, in retry_target
    result = target()
             ^^^^^^^^
  File "C:\Users\ayang_gpo0615\AppData\Local\Programs\Python\Python311\Lib\site-packages\google\api_core\timeout.py", line 130, in func_with_timeout
    return func(*args, **kwargs)
           ^^^^^^^^^^^^^^^^^^^^^
  File "C:\Users\ayang_gpo0615\AppData\Local\Programs\Python\Python311\Lib\site-packages\google\api_core\grpc_helpers.py", line 57, in error_remapped_callable
    raise exceptions.from_grpc_error(exc) from exc
google.api_core.exceptions.NotFound: 404 This model models/gemini-2.0-flash is no longer available to new users. Please update your code to use a newer model for the latest features and improvements.

